     1                                 %line 1+1 utsp1.asm
     2                                 [extern scanf]
     3                                 %line 1+0 utsp1.asm
     4                                 [extern printf]
     5                                 [extern fflush]
     6                                 %line 2+1 utsp1.asm
     7                                 
     8                                 [section .data]
     9 00000000 256420256420256400      fmt3 db '%d %d %d', 0
    10 00000009 256400                  fmt1 db '%d', 0
    11                                 
    12                                 [section .bss]
    13 00000000 <gap>                   a resd 4
    14 00000010 <gap>                   b resd 4
    15 00000020 <gap>                   c resd 4
    16                                 
    17                                 [segment .text]
    18                                 [global main]
    19                                 
    20                                 main:
    21 00000000 68[00000000]            push c
    22 00000005 68[00000000]            push b
    23 0000000A 68[00000000]            push a
    24 0000000F 68[00000000]            push fmt3
    25 00000014 E8(F6FFFFFF)            call scanf
    26 00000019 83C410                  add esp, 16
    27                                 
    28 0000001C A1[00000000]            mov eax, [c]
    29 00000021 8B15[00000000]          mov edx, [b]
    30 00000027 F7E2                    mul edx
    31 00000029 8B15[00000000]          mov edx, [a]
    32 0000002F F7E2                    mul edx
    33 00000031 50                      push eax
    34 00000032 68[00000000]            push fmt1
    35 00000037 E8(F6FFFFFF)            call printf
    36 0000003C 83C410                  add esp, 16
    37                                 
    38                                 flush:
    39 0000003F 6A00                    push 0
    40 00000041 E8(F6FFFFFF)            call fflush
    41 00000046 83C404                  add esp, 4
    42                                 
    43                                 exit:
    44 00000049 B801000000              mov eax, 1
    45 0000004E BB00000000              mov ebx, 0
    46 00000053 CD80                    int 0x80
